// Jest Snapshot v1, https://goo.gl/fbAQLP

exports[`doTree tsx Should parse TSX file and extract strings 1`] = `
{
  "": {
    "Edit Link": {
      "comments": {
        "reference": "SvgControls.tsx:93",
        "translator": undefined,
      },
      "msgctxt": "",
      "msgid": "Edit Link",
      "msgid_plural": "",
      "msgstr": [],
    },
    "Replace SVG": {
      "comments": {
        "reference": "SvgControls.tsx:107",
        "translator": undefined,
      },
      "msgctxt": "",
      "msgid": "Replace SVG",
      "msgid_plural": "",
      "msgstr": [],
    },
    "Unlink": {
      "comments": {
        "reference": "SvgControls.tsx:99",
        "translator": undefined,
      },
      "msgctxt": "",
      "msgid": "Unlink",
      "msgid_plural": "",
      "msgstr": [],
    },
  },
}
`;
